Info: Total files 0 | Changed 0 | Failed 0

FBX export starting... 'D:\\Game3D\\SuperGame\\Assets\\Art\\NarutoStarter\\NarutoStarter.fbx'
(bpy.data.armatures['Armature'], 'POSE')
export finished in 0.5469 sec.
Info: Saved "NarutoStarter-Rigged.blend"
READY 132268 vertices
Fra:1 Mem:60.71M (Peak 62.23M) | Time:00:00.00 | Mem:0.00M, Peak:0.00M | Scene, ViewLayer | Synchronizing object | Naruto Starter Skinned
Fra:1 Mem:60.71M (Peak 62.23M) | Time:00:00.00 | Mem:0.00M, Peak:0.00M | Scene, ViewLayer | Synchronizing object | Plane
Fra:1 Mem:78.10M (Peak 80.12M) | Time:00:00.01 | Mem:0.00M, Peak:0.00M | Scene, ViewLayer | Initializing
Fra:1 Mem:66.59M (Peak 80.12M) | Time:00:00.01 | Mem:0.00M, Peak:0.00M | Scene, ViewLayer | Waiting for render to start
Fra:1 Mem:66.59M (Peak 80.12M) | Time:00:00.01 | Mem:0.00M, Peak:0.00M | Scene, ViewLayer | Loading render kernels (may take a few minutes the first time)
Fra:1 Mem:66.59M (Peak 80.12M) | Time:00:00.01 | Mem:0.00M, Peak:0.00M | Scene, ViewLayer | Updating Scene
Fra:1 Mem:66.59M (Peak 80.12M) | Time:00:00.01 | Mem:0.00M, Peak:0.00M | Scene, ViewLayer | Updating Shaders
Fra:1 Mem:66.69M (Peak 80.12M) | Time:00:00.01 | Mem:0.01M, Peak:0.01M | Scene, ViewLayer | Updating Procedurals
Fra:1 Mem:66.69M (Peak 80.12M) | Time:00:00.01 | Mem:0.01M, Peak:0.01M | Scene, ViewLayer | Updating Background
Fra:1 Mem:66.69M (Peak 80.12M) | Time:00:00.01 | Mem:0.01M, Peak:0.01M | Scene, ViewLayer | Updating Camera
Fra:1 Mem:66.69M (Peak 80.12M) | Time:00:00.01 | Mem:0.01M, Peak:0.01M | Scene, ViewLayer | Updating Meshes Flags
Fra:1 Mem:66.69M (Peak 80.12M) | Time:00:00.01 | Mem:0.01M, Peak:0.01M | Scene, ViewLayer | Updating Objects
Fra:1 Mem:66.69M (Peak 80.12M) | Time:00:00.01 | Mem:0.01M, Peak:0.01M | Scene, ViewLayer | Updating Objects | Copying Transformations to device
Fra:1 Mem:66.69M (Peak 80.12M) | Time:00:00.01 | Mem:0.01M, Peak:0.01M | Scene, ViewLayer | Updating Objects | Applying Static Transformations
Fra:1 Mem:66.69M (Peak 80.12M) | Time:00:00.01 | Mem:0.01M, Peak:0.01M | Scene, ViewLayer | Updating Particle Systems
Fra:1 Mem:66.69M (Peak 80.12M) | Time:00:00.01 | Mem:0.01M, Peak:0.01M | Scene, ViewLayer | Updating Particle Systems | Copying Particles to device
Fra:1 Mem:66.69M (Peak 80.12M) | Time:00:00.01 | Mem:0.01M, Peak:0.01M | Scene, ViewLayer | Updating Meshes
Fra:1 Mem:70.71M (Peak 80.12M) | Time:00:00.02 | Mem:0.01M, Peak:0.01M | Scene, ViewLayer | Updating Mesh | Computing attributes
Fra:1 Mem:72.23M (Peak 80.12M) | Time:00:00.02 | Mem:0.01M, Peak:0.01M | Scene, ViewLayer | Updating Mesh | Copying Attributes to device
Fra:1 Mem:72.23M (Peak 80.12M) | Time:00:00.02 | Mem:1.53M, Peak:1.53M | Scene, ViewLayer | Updating Scene BVH | Building
Fra:1 Mem:72.23M (Peak 80.12M) | Time:00:00.02 | Mem:1.53M, Peak:1.53M | Scene, ViewLayer | Updating Scene BVH | Building BVH
Fra:1 Mem:72.23M (Peak 80.12M) | Time:00:00.02 | Mem:9.58M, Peak:9.58M | Scene, ViewLayer | Updating Scene BVH | Building BVH 0%
Fra:1 Mem:72.23M (Peak 80.12M) | Time:00:00.04 | Mem:18.35M, Peak:26.40M | Scene, ViewLayer | Updating Scene BVH | Copying BVH to device
Fra:1 Mem:72.23M (Peak 80.12M) | Time:00:00.04 | Mem:18.35M, Peak:26.40M | Scene, ViewLayer | Updating Mesh | Computing normals
Fra:1 Mem:81.30M (Peak 81.30M) | Time:00:00.04 | Mem:18.35M, Peak:26.40M | Scene, ViewLayer | Updating Mesh | Copying Mesh to device
Fra:1 Mem:81.30M (Peak 81.30M) | Time:00:00.04 | Mem:27.42M, Peak:27.42M | Scene, ViewLayer | Updating Objects Flags
Fra:1 Mem:81.30M (Peak 81.30M) | Time:00:00.04 | Mem:27.42M, Peak:27.42M | Scene, ViewLayer | Updating Primitive Offsets
Fra:1 Mem:81.30M (Peak 81.30M) | Time:00:00.04 | Mem:27.42M, Peak:27.42M | Scene, ViewLayer | Updating Images
Fra:1 Mem:81.30M (Peak 81.30M) | Time:00:00.04 | Mem:27.42M, Peak:27.42M | Scene, ViewLayer | Updating Camera Volume
Fra:1 Mem:81.30M (Peak 81.30M) | Time:00:00.04 | Mem:27.42M, Peak:27.42M | Scene, ViewLayer | Updating Lookup Tables
Fra:1 Mem:81.30M (Peak 81.30M) | Time:00:00.04 | Mem:27.50M, Peak:27.50M | Scene, ViewLayer | Updating Lights
Fra:1 Mem:81.30M (Peak 81.30M) | Time:00:00.04 | Mem:27.50M, Peak:27.50M | Scene, ViewLayer | Updating Lights | Computing tree
Fra:1 Mem:81.30M (Peak 81.30M) | Time:00:00.04 | Mem:27.50M, Peak:27.50M | Scene, ViewLayer | Updating Integrator
Fra:1 Mem:81.30M (Peak 81.30M) | Time:00:00.04 | Mem:27.50M, Peak:27.50M | Scene, ViewLayer | Updating Film
Fra:1 Mem:81.31M (Peak 81.31M) | Time:00:00.04 | Mem:27.42M, Peak:27.50M | Scene, ViewLayer | Updating Lookup Tables
Fra:1 Mem:81.31M (Peak 81.31M) | Time:00:00.04 | Mem:27.51M, Peak:27.51M | Scene, ViewLayer | Updating Baking
Fra:1 Mem:81.31M (Peak 81.31M) | Time:00:00.04 | Mem:27.51M, Peak:27.51M | Scene, ViewLayer | Updating Device | Writing constant memory
Fra:1 Mem:81.31M (Peak 81.31M) | Time:00:00.04 | Mem:27.51M, Peak:27.51M | Scene, ViewLayer | Loading denoising kernels (may take a few minutes the first time)
Fra:1 Mem:81.31M (Peak 81.31M) | Time:00:00.04 | Mem:27.51M, Peak:27.51M | Scene, ViewLayer | Sample 0/16
Fra:1 Mem:134.78M (Peak 134.78M) | Time:00:00.28 | Remaining:00:03.50 | Mem:80.94M, Peak:80.94M | Scene, ViewLayer | Sample 1/16
Fra:1 Mem:157.28M (Peak 191.03M) | Time:00:11.33 | Mem:80.94M, Peak:80.94M | Scene, ViewLayer | Sample 16/16
Fra:1 Mem:157.28M (Peak 191.03M) | Time:00:11.33 | Mem:80.94M, Peak:80.94M | Scene, ViewLayer | Finished
Saved: 'D:\Game3D\SuperGame\ArtSource\NarutoStarter\NarutoStarter-Front.png'
Time: 00:11.78 (Saving: 00:00.44)

